00:00 +0: loading /app/test/widget_test.dart
00:00 +0: Smoke test placeholder
00:00 +1: All tests passed!
